################################################################################
#                                                                              #
#      IAR Universal Linker V6.5.4.100                                         #
#                                                                              #
#           Link time     =  07/Jan/2019  18:51:50                             #
#           Target CPU    =  x51                                               #
#           List file     =  E:\ÈÙÌ©½¡¿µ\°´Ä¦ÒÎ\RT5728\Ö÷¿Ø°å\Debug\List\RT572 #
#                            8_Main.map                                        #
#           Output file 1 =  E:\ÈÙÌ©½¡¿µ\°´Ä¦ÒÎ\RT5728\Ö÷¿Ø°å\Debug\Exe\RT5728 #
#                            _Main.bin                                         #
#                            Format: ubrof10                                   #
#                            UBROF version 10.0.6                              #
#                            Using library modules for C-SPY (-rt)             #
#           Command line  =  -f                                                #
#                            C:\Users\wangqian\AppData\Local\Temp\EW85A4.tmp   #
#                            (E:\ÈÙÌ©½¡¿µ\°´Ä¦ÒÎ\RT5728\Ö÷¿Ø°å\Debug\Obj\Comm. #
#                            r51                                               #
#                            E:\ÈÙÌ©½¡¿µ\°´Ä¦ÒÎ\RT5728\Ö÷¿Ø°å\Debug\Obj\Common #
#                            .r51                                              #
#                            E:\ÈÙÌ©½¡¿µ\°´Ä¦ÒÎ\RT5728\Ö÷¿Ø°å\Debug\Obj\Delay. #
#                            r51                                               #
#                            E:\ÈÙÌ©½¡¿µ\°´Ä¦ÒÎ\RT5728\Ö÷¿Ø°å\Debug\Obj\FIFO.r #
#                            51                                                #
#                            E:\ÈÙÌ©½¡¿µ\°´Ä¦ÒÎ\RT5728\Ö÷¿Ø°å\Debug\Obj\IAP.r5 #
#                            1                                                 #
#                            E:\ÈÙÌ©½¡¿µ\°´Ä¦ÒÎ\RT5728\Ö÷¿Ø°å\Debug\Obj\Init.r #
#                            51                                                #
#                            E:\ÈÙÌ©½¡¿µ\°´Ä¦ÒÎ\RT5728\Ö÷¿Ø°å\Debug\Obj\Interr #
#                            upt.r51                                           #
#                            E:\ÈÙÌ©½¡¿µ\°´Ä¦ÒÎ\RT5728\Ö÷¿Ø°å\Debug\Obj\main.r #
#                            51                                                #
#                            -o                                                #
#                            E:\ÈÙÌ©½¡¿µ\°´Ä¦ÒÎ\RT5728\Ö÷¿Ø°å\Debug\Exe\RT5728 #
#                            _Main.bin                                         #
#                            -l                                                #
#                            E:\ÈÙÌ©½¡¿µ\°´Ä¦ÒÎ\RT5728\Ö÷¿Ø°å\Debug\List\RT572 #
#                            8_Main.map                                        #
#                            -xms                                              #
#                            "-IE:\Program Files\IAR Systems\Embedded Workbenc #
#                            h 8.1\8051\LIB\"                                  #
#                            -f                                                #
#                            E:\ÈÙÌ©½¡¿µ\°´Ä¦ÒÎ\RT5728\Ö÷¿Ø°å\lnk51ew_N76E003. #
#                            xcl                                               #
#                            (-D_IDATA0_START=0x00 -D_IDATA0_END=0xFF          #
#                            -D_PDATA0_START=0x0000 -D_PDATA0_END=0x00FF       #
#                            -D_IXDATA0_START=0x0001 -D_IXDATA0_END=0x02FF     #
#                            -D_XDATA0_START=0x0001 -D_XDATA0_END=0x02FF       #
#                            -D_CODE0_START=0x0000 -D_CODE0_END=0x02FFF        #
#                            -D?REGISTER_BANK=0x0 -D_REGISTER_BANK_START=0x0   #
#                            -D_BREG_START=0x00 -D?VB=0x20                     #
#                            -Z(BIT)BREG=_BREG_START -Z(BIT)BIT_N=0-7F         #
#                            -Z(DATA)REGISTERS+8=_REGISTER_BANK_START          #
#                            -Z(DATA)BDATA_Z,BDATA_N,BDATA_I=20-2F             #
#                            -Z(DATA)VREG=08-7F -Z(DATA)PSP,XSP=08-7F          #
#                            -Z(DATA)DOVERLAY=08-7F                            #
#                            -Z(DATA)DATA_I,DATA_Z,DATA_N=08-7F                #
#                            -U(IDATA)0-7F=(DATA)0-7F                          #
#                            -Z(IDATA)IDATA_I,IDATA_Z,IDATA_N=08-_IDATA0_END   #
#                            -Z(IDATA)ISTACK+_IDATA_STACK_SIZE#08-_IDATA0_END  #
#                            -Z(IDATA)IOVERLAY=08-FF -Z(CODE)INTVEC=0          #
#                            -Z(CODE)CSTART=_CODE0_START-_CODE0_END            #
#                            -Z(CODE)BIT_ID,BDATA_ID,DATA_ID,IDATA_ID,IXDATA_I #
#                            D,PDATA_ID,XDATA_ID=_CODE0_START-_CODE0_END       #
#                            -Z(CODE)HUGE_ID=_CODE0_START-_CODE0_END           #
#                            -Z(CODE)RCODE,DIFUNCT=_CODE0_START-_CODE0_END     #
#                            -P(CODE)CODE_C,CODE_N,NEAR_CODE=_CODE0_START-_COD #
#                            E0_END                                            #
#                            -Z(CODE)CHECKSUM#0x02FFF                          #
#                            -Z(XDATA)PDATA_Z,PDATA_I=_PDATA0_START-_PDATA0_EN #
#                            D                                                 #
#                            -P(XDATA)PDATA_N=_PDATA0_START-_PDATA0_END        #
#                            -Z(XDATA)PSTACK+_PDATA_STACK_SIZE=_PDATA0_START-_ #
#                            PDATA0_END                                        #
#                            -Z(XDATA)EXT_STACK+_EXTENDED_STACK_SIZE=_EXTENDED #
#                            _STACK_START                                      #
#                            -Z(XDATA)XSTACK+_XDATA_STACK_SIZE=_XDATA0_START-_ #
#                            XDATA0_END                                        #
#                            -Z(XDATA)IXDATA_I,IXDATA_Z=_IXDATA0_START-_IXDATA #
#                            0_END                                             #
#                            -P(XDATA)IXDATA_N=_IXDATA0_START-_IXDATA0_END     #
#                            -Z(XDATA)XDATA_I,XDATA_Z=_XDATA0_START-_XDATA0_EN #
#                            D                                                 #
#                            -P(XDATA)XDATA_N=_XDATA0_START-_XDATA0_END        #
#                            -Z(XDATA)XDATA_HEAP+_XDATA_HEAP_SIZE=_XDATA0_STAR #
#                            T-_XDATA0_END                                     #
#                            -Z(CONST)XDATA_ROM_C=_XDATA0_START-_XDATA0_END    #
#                            -Z(CODE)FAR22_ID=[_CODE0_START-_CODE0_END]/10000  #
#                            -Z(CODE)FAR_ID=[_CODE0_START-_CODE0_END]/10000    #
#                            -cx51) -D?DPMASK=0x01                             #
#                            -D_NR_OF_VIRTUAL_REGISTERS=8 -D?DPS=0xA2          #
#                            -D?PBANK=0x91 -D?CBANK=0xF0 -D?CBANK_MASK=0x30    #
#                            -e?BCALL_30=?BCALL -e?BRET_30=?BRET               #
#                            -e?BDISPATCH_30=?BDISPATCH                        #
#                            -D_CODEBANK_START=0x8000 -D_CODEBANK_END=0xFFFF   #
#                            -D_NR_OF_BANKS=0x03                               #
#                            "-IE:\Program Files\IAR Systems\Embedded Workbenc #
#                            h 8.1\8051\CONFIG\"                               #
#                            -rt -s __program_start                            #
#                            "E:\Program Files\IAR Systems\Embedded Workbench  #
#                            8.1\8051\LIB\CLIB\cl-pli-nsid-2h16inc.r51"        #
#                            -D_IDATA_STACK_SIZE=0x40 -D?ESP=0 -D?ESP_MASK=0   #
#                            -D_EXTENDED_STACK_START=0                         #
#                            -D_EXTENDED_STACK_SIZE=0                          #
#                            -D_PDATA_STACK_SIZE=0x80                          #
#                            -D_XDATA_STACK_SIZE=0xEFF                         #
#                            -D_XDATA_HEAP_SIZE=0xFF -D_FAR_HEAP_SIZE=0xFFF    #
#                            -D_HUGE_HEAP_SIZE=0xFFF                           #
#                            -D_FAR22_HEAP_SIZE=0xFFF)                         #
#                                                                              #
#                           Copyright (C) 1987-2018 IAR Systems AB.            #
################################################################################





                ****************************************
                *                                      *
                *           CROSS REFERENCE            *
                *                                      *
                ****************************************

       Program entry at : CODE      0000004F  Relocatable, from module : CSTARTUP




                ****************************************
                *                                      *
                *            RUNTIME MODEL             *
                *                                      *
                ****************************************

  __SystemLibrary          = CLib
  __calling_convention     = idata_reentrant
  __code_model             = near
  __core                   = plain
  __data_model             = small
  __dptr_size              = 16
  __dptr_visibility        = shadowed
  __extended_stack         = disabled
  __location_for_constants = data
  __number_of_dptrs        = 2
  __register_banks         = *
  __rt_version             = 1

                ****************************************
                *                                      *
                *    AUTOMATIC SYMBOL REDIRECTIONS     *
                *                                      *
                ****************************************

                  There are no automatic symbol redirections.



                ****************************************
                *                                      *
                *              MODULE MAP              *
                *                                      *
                ****************************************


  DEFINED ABSOLUTE ENTRIES
    *************************************************************************

  DEFINED ABSOLUTE ENTRIES
  PROGRAM MODULE, NAME : ?ABS_ENTRY_MOD

Absolute parts
           ENTRY                   ADDRESS         REF BY
           =====                   =======         ======
           _FAR22_HEAP_SIZE        00000FFF 
           _HUGE_HEAP_SIZE         00000FFF 
           _FAR_HEAP_SIZE          00000FFF 
           _XDATA_HEAP_SIZE        000000FF 
           _XDATA_STACK_SIZE       00000EFF 
           _PDATA_STACK_SIZE       00000080 
           _EXTENDED_STACK_SIZE    00000000 
           _EXTENDED_STACK_START   00000000 
           ?ESP_MASK               00000000 
           ?ESP                    00000000 
           _IDATA_STACK_SIZE       00000040 
           _NR_OF_BANKS            00000003 
           _CODEBANK_END           0000FFFF 
           _CODEBANK_START         00008000 
           ?CBANK_MASK             00000030 
           ?CBANK                  000000F0 
           ?PBANK                  00000091 
           ?DPS                    000000A2        ?FUNC_ENTER_SP (?FUNC_ENTER_SP)
                                                   ?FUNC_LEAVE_SP (?FUNC_LEAVE_SP)
                                                   ?INTERRUPT_ENTER_SP (?INTERRUPT_ENTER_SP)
                                                   ?INTERRUPT_LEAVE_SP (?INTERRUPT_LEAVE_SP)
                                                   ?RESET_DPS (CSTARTUP)
                                                   Comm (Comm)
                                                   CommProcess (Comm)
                                                   CommSend (Comm)
                                                   DataReceive (Comm)
                                                   Disable_CONFIG_Update (IAP)
                                                   Disable_IAP (IAP)
                                                   Enable_CONFIG_Update (IAP)
                                                   Enable_IAP (IAP)
                                                   FIFO_Init (Init)
                                                   FIFO_Read (FIFO)
                                                   FIFO_Write (FIFO)
                                                   GPIO_Init (Init)
                                                   MODIFY_HIRC_16600 (Init)
                                                   Program_CONFIG (IAP)
                                                   RXC_Time (Comm)
                                                   Send_Data_To_UART0 (Common)
                                                   Send_Time (Comm)
                                                   Sys_Init (Init)
                                                   TXC_Time (Comm)
                                                   Time1_Init (Init)
                                                   Trigger_IAP (IAP)
                                                   Uart0_Init (Init)
                                                   Wdcon_Init (Init)
                                                   my_memcpy (Comm)
           _NR_OF_VIRTUAL_REGISTERS
                                   00000008 
           ?DPMASK                 00000001        ?FUNC_ENTER_SP (?FUNC_ENTER_SP)
                                                   ?FUNC_LEAVE_SP (?FUNC_LEAVE_SP)
                                                   ?INTERRUPT_ENTER_SP (?INTERRUPT_ENTER_SP)
                                                   ?INTERRUPT_LEAVE_SP (?INTERRUPT_LEAVE_SP)
                                                   ?RESET_DPS (CSTARTUP)
           ?VB                     00000020        ?FUNC_ENTER_SP (?FUNC_ENTER_SP)
                                                   ?FUNC_LEAVE_SP (?FUNC_LEAVE_SP)
                                                   ?INTERRUPT_ENTER_SP (?INTERRUPT_ENTER_SP)
                                                   ?INTERRUPT_LEAVE_SP (?INTERRUPT_LEAVE_SP)
           _BREG_START             00000000 
           _REGISTER_BANK_START    00000000 
           ?REGISTER_BANK          00000000        Segment part 6 (CSTARTUP)
           _CODE0_END              00002FFF 
           _CODE0_START            00000000 
           _XDATA0_END             000002FF 
           _XDATA0_START           00000001 
           _IXDATA0_END            000002FF 
           _IXDATA0_START          00000001 
           _PDATA0_END             000000FF 
           _PDATA0_START           00000000 
           _IDATA0_END             000000FF 
           _IDATA0_START           00000000 
    *************************************************************************

  FILE NAME : E:\ÈÙÌ©½¡¿µ\°´Ä¦ÒÎ\RT5728\Ö÷¿Ø°å\Debug\Obj\Comm.r51
  PROGRAM MODULE, NAME : Comm

  SEGMENTS IN THE MODULE
  ======================
SFR_AN
  Relative segment, address: DATA 00000098 - 00000098 (0x1 bytes), align: 0
  Segment part 1. ROOT        Intra module refs:   CommSend
                                                   Send_Data_To_UART0 (Common)
                                                   UART0 (Interrupt)
                                                   Uart0_Init (Init)
           ENTRY                   ADDRESS         REF BY
           =====                   =======         ======
           _A_SCON                 00000098 
           LOCAL                   ADDRESS         
           =====                   =======         
           SCON                    00000098 
           SCON_bit                00000098 
    -------------------------------------------------------------------------
SFR_AN
  Relative segment, address: DATA 000000B0 - 000000B0 (0x1 bytes), align: 0
  Segment part 2. ROOT        Intra module refs:   TXC_Time
                                                   UART0 (Interrupt)
                                                   main (main)
           ENTRY                   ADDRESS         REF BY
           =====                   =======         ======
           _A_P3                   000000B0 
           LOCAL                   ADDRESS         
           =====                   =======         
           P3                      000000B0 
           P3_bit                  000000B0 
    -------------------------------------------------------------------------
IDATA_Z
  Relative segment, address: IDATA 00000021 - 0000002D (0xd bytes), align: 0
  Segment part 8.             Intra module refs:   CommSend
           ENTRY                   ADDRESS         REF BY
           =====                   =======         ======
           SendDrive               00000021        UART0 (Interrupt)
    -------------------------------------------------------------------------
IDATA_Z
  Relative segment, address: IDATA 0000002E - 00000040 (0x13 bytes), align: 0
  Segment part 9.             Intra module refs:   CommSend
           ENTRY                   ADDRESS         REF BY
           =====                   =======         ======
           HandController          0000002E        UART0 (Interrupt)
    -------------------------------------------------------------------------
IDATA_Z
  Relative segment, address: IDATA 00000041 - 00000048 (0x8 bytes), align: 0
  Segment part 10.            Intra module refs:   CommProcess
                                                   CommSend
           ENTRY                   ADDRESS         REF BY
           =====                   =======         ======
           HandFeedback            00000041 
    -------------------------------------------------------------------------
XDATA_Z
  Relative segment, address: XDATA 00000001 - 00000001 (0x1 bytes), align: 0
  Segment part 11.            Intra module refs:   CRC_CCITT
                                                   CommProcess
                                                   CommSend
           ENTRY                   ADDRESS         REF BY
           =====                   =======         ======
           CRCH                    00000001 
    -------------------------------------------------------------------------
XDATA_Z
  Relative segment, address: XDATA 00000002 - 00000002 (0x1 bytes), align: 0
  Segment part 12.            Intra module refs:   CRC_CCITT
                                                   CommProcess
                                                   CommSend
           ENTRY                   ADDRESS         REF BY
           =====                   =======         ======
           CRCL                    00000002 
    -------------------------------------------------------------------------
XDATA_Z
  Relative segment, address: XDATA 00000003 - 00000003 (0x1 bytes), align: 0
  Segment part 13.            Intra module refs:   CommProcess
                                                   DataReceive
           ENTRY                   ADDRESS         REF BY
           =====                   =======         ======
           RXCount                 00000003 
    -------------------------------------------------------------------------
XDATA_Z
  Relative segment, address: XDATA 00000004 - 00000004 (0x1 bytes), align: 0
  Segment part 14.            Intra module refs:   CommSend
           ENTRY                   ADDRESS         REF BY
           =====                   =======         ======
           TXCount                 00000004        UART0 (Interrupt)
    -------------------------------------------------------------------------
XDATA_Z
  Relative segment, address: XDATA 00000005 - 00000005 (0x1 bytes), align: 0
  Segment part 15.            Intra module refs:   DataReceive
           ENTRY                   ADDRESS         REF BY
           =====                   =======         ======
           STate                   00000005        main (main)
    -------------------------------------------------------------------------
XDATA_Z
  Relative segment, address: XDATA 00000006 - 00000006 (0x1 bytes), align: 0
  Segment part 16.            Intra module refs:   RXC_Time
           ENTRY                   ADDRESS         REF BY
           =====                   =======         ======
           CommRXCTime             00000006        UART0 (Interrupt)
    -------------------------------------------------------------------------
XDATA_Z
  Relative segment, address: XDATA 00000007 - 00000007 (0x1 bytes), align: 0
  Segment part 17.            Intra module refs:   Send_Time
                                                   TXC_Time
           ENTRY                   ADDRESS         REF BY
           =====                   =======         ======
           CommTXCTime             00000007        UART0 (Interrupt)
    -------------------------------------------------------------------------
XDATA_Z
  Relative segment, address: XDATA 00000008 - 00000008 (0x1 bytes), align: 0
  Segment part 18.            Intra module refs:   CommProcess
           ENTRY                   ADDRESS         REF BY
           =====                   =======         ======
           HandControlParam1       00000008 
    -------------------------------------------------------------------------
XDATA_Z
  Relative segment, address: XDATA 00000009 - 00000009 (0x1 bytes), align: 0
  Segment part 19.            Intra module refs:   CommProcess
           ENTRY                   ADDRESS         REF BY
           =====                   =======         ======
           HandControlParam2       00000009 
    -------------------------------------------------------------------------
XDATA_Z
  Relative segment, address: XDATA 0000000A - 0000000A (0x1 bytes), align: 0
  Segment part 20.            Intra module refs:   CommSend
           ENTRY                   ADDRESS         REF BY
           =====                   =======         ======
           UpControlParam1         0000000A 
    -------------------------------------------------------------------------
XDATA_Z
  Relative segment, address: XDATA 0000000B - 0000000B (0x1 bytes), align: 0
  Segment part 21.            Intra module refs:   CommSend
           ENTRY                   ADDRESS         REF BY
           =====                   =======         ======
           UpControlParam2         0000000B 
    -------------------------------------------------------------------------
XDATA_Z
  Relative segment, address: XDATA 0000000C - 0000000C (0x1 bytes), align: 0
  Segment part 22.            Intra module refs:   CommSend
           ENTRY                   ADDRESS         REF BY
           =====                   =======         ======
           DownControlParam1       0000000C 
    -------------------------------------------------------------------------
XDATA_Z
  Relative segment, address: XDATA 0000000D - 0000000D (0x1 bytes), align: 0
  Segment part 23.            Intra module refs:   CommSend
           ENTRY                   ADDRESS         REF BY
           =====                   =======         ======
           DownControlParam2       0000000D 
    -------------------------------------------------------------------------
IDATA_Z
  Relative segment, address: IDATA 00000049 - 0000005B (0x13 bytes), align: 0
  Segment part 24.            Intra module refs:   CommProcess
                                                   DataReceive
           ENTRY                   ADDRESS         REF BY
           =====                   =======         ======
           Receive                 00000049 
    -------------------------------------------------------------------------
<NEAR_CODE> 1 (was NEAR_CODE)
  Relative segment, address: CODE 000001CD - 000001F1 (0x25 bytes), align: 0
  Segment part 26.
           ENTRY                   ADDRESS         REF BY
           =====                   =======         ======
           RXC_Time                000001CD        Timer1_ISR (Interrupt)
    -------------------------------------------------------------------------
<NEAR_CODE> 1 (was NEAR_CODE)
  Relative segment, address: CODE 000001F2 - 00000212 (0x21 bytes), align: 0
  Segment part 27.
           ENTRY                   ADDRESS         REF BY
           =====                   =======         ======
           TXC_Time                000001F2        Timer1_ISR (Interrupt)
    -------------------------------------------------------------------------
<NEAR_CODE> 1 (was NEAR_CODE)
  Relative segment, address: CODE 00000213 - 0000023C (0x2a bytes), align: 0
  Segment part 28.
           ENTRY                   ADDRESS         REF BY
           =====                   =======         ======
           Send_Time               00000213        Timer1_ISR (Interrupt)
    -------------------------------------------------------------------------
IDATA_Z
  Relative segment, address: IDATA 0000005C - 0000005C (0x1 bytes), align: 0
  Segment part 25.            Intra module refs:   Send_Time
           LOCAL                   ADDRESS         
           =====                   =======         
           Send_Time::SendTime75ms
                                   0000005C 
    -------------------------------------------------------------------------
<NEAR_CODE> 1 (was NEAR_CODE)
  Relative segment, address: CODE 0000023D - 000002B7 (0x7b bytes), align: 0
  Segment part 29.            Intra module refs:   CommProcess
                                                   CommSend
           ENTRY                   ADDRESS         REF BY
           =====                   =======         ======
           CRC_CCITT               0000023D 
               ISTACK = 00000000 ( 00000005 )
    -------------------------------------------------------------------------
<NEAR_CODE> 1 (was NEAR_CODE)
  Relative segment, address: CODE 000002B8 - 00000365 (0xae bytes), align: 0
  Segment part 30.            Intra module refs:   Comm
           ENTRY                   ADDRESS         REF BY
           =====                   =======         ======
           DataReceive             000002B8 
               ISTACK = 00000000 ( 00000001 )
    -------------------------------------------------------------------------
<NEAR_CODE> 1 (was NEAR_CODE)
  Relative segment, address: CODE 00000366 - 000004F5 (0x190 bytes), align: 0
  Segment part 31.            Intra module refs:   Comm
           ENTRY                   ADDRESS         REF BY
           =====                   =======         ======
           CommProcess             00000366 
               calls direct
    -------------------------------------------------------------------------
<NEAR_CODE> 1 (was NEAR_CODE)
  Relative segment, address: CODE 000004F6 - 00000639 (0x144 bytes), align: 0
  Segment part 32.            Intra module refs:   Comm
           ENTRY                   ADDRESS         REF BY
           =====                   =======         ======
           CommSend                000004F6 
               calls direct
    -------------------------------------------------------------------------
<NEAR_CODE> 1 (was NEAR_CODE)
  Relative segment, address: CODE 0000063A - 00000684 (0x4b bytes), align: 0
  Segment part 33.            Intra module refs:   CommSend
           ENTRY                   ADDRESS         REF BY
           =====                   =======         ======
           my_memcpy               0000063A 
               ISTACK = 00000000 ( 00000003 )
    -------------------------------------------------------------------------
<NEAR_CODE> 1 (was NEAR_CODE)
  Relative segment, address: CODE 00000685 - 00000694 (0x10 bytes), align: 0
  Segment part 34.
           ENTRY                   ADDRESS         REF BY
           =====                   =======         ======
           Comm                    00000685        main (main)
               calls direct

    *************************************************************************

  FILE NAME : E:\ÈÙÌ©½¡¿µ\°´Ä¦ÒÎ\RT5728\Ö÷¿Ø°å\Debug\Obj\Common.r51
  PROGRAM MODULE, NAME : Common

  SEGMENTS IN THE MODULE
  ======================
SFR_AN
  Relative segment, address: DATA 00000087 - 00000087 (0x1 bytes), align: 0
  Segment part 1. ROOT        Intra module refs:   Sys_Init (Init)
                                                   Uart0_Init (Init)
           ENTRY                   ADDRESS         REF BY
           =====                   =======         ======
           PCON                    00000087 
    -------------------------------------------------------------------------
SFR_AN
  Relative segment, address: DATA 00000088 - 00000088 (0x1 bytes), align: 0
  Segment part 2. ROOT        Intra module refs:   Time1_Init (Init)
                                                   Timer1_ISR (Interrupt)
           ENTRY                   ADDRESS         REF BY
           =====                   =======         ======
           _A_TCON                 00000088 
           LOCAL                   ADDRESS         
           =====                   =======         
           TCON                    00000088 
           TCON_bit                00000088 
    -------------------------------------------------------------------------
SFR_AN
  Relative segment, address: DATA 00000089 - 00000089 (0x1 bytes), align: 0
  Segment part 3. ROOT        Intra module refs:   Time1_Init (Init)
           ENTRY                   ADDRESS         REF BY
           =====                   =======         ======
           TMOD                    00000089 
    -------------------------------------------------------------------------
SFR_AN
  Relative segment, address: DATA 0000008D - 0000008D (0x1 bytes), align: 0
  Segment part 4. ROOT        Intra module refs:   Time1_Init (Init)
                                                   Timer1_ISR (Interrupt)
           ENTRY                   ADDRESS         REF BY
           =====                   =======         ======
           TH1                     0000008D 
    -------------------------------------------------------------------------
SFR_AN
  Relative segment, address: DATA 0000008E - 0000008E (0x1 bytes), align: 0
  Segment part 5. ROOT        Intra module refs:   Sys_Init (Init)
                                                   Time1_Init (Init)
           ENTRY                   ADDRESS         REF BY
           =====                   =======         ======
           CKCON                   0000008E 
    -------------------------------------------------------------------------
SFR_AN
  Relative segment, address: DATA 00000099 - 00000099 (0x1 bytes), align: 0
  Segment part 7. ROOT        Intra module refs:   Send_Data_To_UART0
                                                   UART0 (Interrupt)
           ENTRY                   ADDRESS         REF BY
           =====                   =======         ======
           SBUF                    00000099 
    -------------------------------------------------------------------------
SFR_AN
  Relative segment, address: DATA 0000009A - 0000009A (0x1 bytes), align: 0
  Segment part 8. ROOT 
           ENTRY                   ADDRESS         REF BY
           =====                   =======         ======
           SBUF_1                  0000009A 
    -------------------------------------------------------------------------
SFR_AN
  Relative segment, address: DATA 000000B1 - 000000B1 (0x1 bytes), align: 0
  Segment part 9. ROOT        Intra module refs:   GPIO_Init (Init)
                                                   Uart0_Init (Init)
           ENTRY                   ADDRESS         REF BY
           =====                   =======         ======
           P0M1                    000000B1 
    -------------------------------------------------------------------------
SFR_AN
  Relative segment, address: DATA 000000B2 - 000000B2 (0x1 bytes), align: 0
  Segment part 10. ROOT       Intra module refs:   Uart0_Init (Init)
           ENTRY                   ADDRESS         REF BY
           =====                   =======         ======
           P0M2                    000000B2 
    -------------------------------------------------------------------------
SFR_AN
  Relative segment, address: DATA 000000B3 - 000000B3 (0x1 bytes), align: 0
  Segment part 11. ROOT       Intra module refs:   GPIO_Init (Init)
           ENTRY                   ADDRESS         REF BY
           =====                   =======         ======
           P1M1                    000000B3 
    -------------------------------------------------------------------------
SFR_AN
  Relative segment, address: DATA 000000B4 - 000000B4 (0x1 bytes), align: 0
  Segment part 12. ROOT       Intra module refs:   GPIO_Init (Init)
           ENTRY                   ADDRESS         REF BY
           =====                   =======         ======
           P1M2                    000000B4 
    -------------------------------------------------------------------------
SFR_AN
  Relative segment, address: DATA 000000C4 - 000000C4 (0x1 bytes), align: 0
  Segment part 13. ROOT       Intra module refs:   Uart0_Init (Init)
           ENTRY                   ADDRESS         REF BY
           =====                   =======         ======
           T3CON                   000000C4 
    -------------------------------------------------------------------------
SFR_AN
  Relative segment, address: DATA 000000C5 - 000000C5 (0x1 bytes), align: 0
  Segment part 14. ROOT       Intra module refs:   Uart0_Init (Init)
           ENTRY                   ADDRESS         REF BY
           =====                   =======         ======
           RL3                     000000C5 
    -------------------------------------------------------------------------
SFR_AN
  Relative segment, address: DATA 000000C6 - 000000C6 (0x1 bytes), align: 0
  Segment part 15. ROOT       Intra module refs:   Uart0_Init (Init)
           ENTRY                   ADDRESS         REF BY
           =====                   =======         ======
           RH3                     000000C6 
    -------------------------------------------------------------------------
SFR_AN
  Relative segment, address: DATA 000000F8 - 000000F8 (0x1 bytes), align: 0
  Segment part 16. ROOT 
           ENTRY                   ADDRESS         REF BY
           =====                   =======         ======
           _A_SCON_1               000000F8 
           LOCAL                   ADDRESS         
           =====                   =======         
           SCON_1                  000000F8 
           SCON_1_bit              000000F8 
    -------------------------------------------------------------------------
<NEAR_CODE> 1 (was NEAR_CODE)
  Relative segment, address: CODE 00000A67 - 00000A72 (0xc bytes), align: 0
  Segment part 33.
           ENTRY                   ADDRESS         REF BY
           =====                   =======         ======
           Send_Data_To_UART0      00000A67        UART0 (Interrupt)
               ISTACK = 00000002 ( 00000000 )

    *************************************************************************

  FILE NAME : E:\ÈÙÌ©½¡¿µ\°´Ä¦ÒÎ\RT5728\Ö÷¿Ø°å\Debug\Obj\Delay.r51
  PROGRAM MODULE, NAME : Delay

  SEGMENTS IN THE MODULE
  ======================
SFR_AN
  Relative segment, address: DATA 0000008A - 0000008A (0x1 bytes), align: 0
  Segment part 3. ROOT 
           ENTRY                   ADDRESS         REF BY
           =====                   =======         ======
           TL0                     0000008A 
    -------------------------------------------------------------------------
SFR_AN
  Relative segment, address: DATA 0000008B - 0000008B (0x1 bytes), align: 0
  Segment part 4. ROOT        Intra module refs:   Time1_Init (Init)
                                                   Timer1_ISR (Interrupt)
           ENTRY                   ADDRESS         REF BY
           =====                   =======         ======
           TL1                     0000008B 
    -------------------------------------------------------------------------
SFR_AN
  Relative segment, address: DATA 0000008C - 0000008C (0x1 bytes), align: 0
  Segment part 5. ROOT 
           ENTRY                   ADDRESS         REF BY
           =====                   =======         ======
           TH0                     0000008C 
    -------------------------------------------------------------------------
SFR_AN
  Relative segment, address: DATA 000000C8 - 000000C8 (0x1 bytes), align: 0
  Segment part 11. ROOT 
           ENTRY                   ADDRESS         REF BY
           =====                   =======         ======
           _A_T2CON                000000C8 
           LOCAL                   ADDRESS         
           =====                   =======         
           T2CON                   000000C8 
           T2CON_bit               000000C8 
    -------------------------------------------------------------------------
SFR_AN
  Relative segment, address: DATA 000000C9 - 000000C9 (0x1 bytes), align: 0
  Segment part 12. ROOT 
           ENTRY                   ADDRESS         REF BY
           =====                   =======         ======
           T2MOD                   000000C9 
    -------------------------------------------------------------------------
SFR_AN
  Relative segment, address: DATA 000000CC - 000000CC (0x1 bytes), align: 0
  Segment part 13. ROOT 
           ENTRY                   ADDRESS         REF BY
           =====                   =======         ======
           TL2                     000000CC 
    -------------------------------------------------------------------------
SFR_AN
  Relative segment, address: DATA 000000CD - 000000CD (0x1 bytes), align: 0
  Segment part 14. ROOT 
           ENTRY                   ADDRESS         REF BY
           =====                   =======         ======
           TH2                     000000CD 
    -------------------------------------------------------------------------
IDATA_Z
  Relative segment, address: IDATA 0000005D - 0000005D (0x1 bytes), align: 0
  Segment part 20.
           ENTRY                   ADDRESS         REF BY
           =====                   =======         ======
           BIT_TMP                 0000005D        MODIFY_HIRC_16600 (Init)
                                                   main (main)

    *************************************************************************

  FILE NAME : E:\ÈÙÌ©½¡¿µ\°´Ä¦ÒÎ\RT5728\Ö÷¿Ø°å\Debug\Obj\FIFO.r51
  PROGRAM MODULE, NAME : FIFO

  SEGMENTS IN THE MODULE
  ======================
IDATA_Z
  Relative segment, address: IDATA 0000005E - 00000099 (0x3c bytes), align: 0
  Segment part 6.             Intra module refs:   FIFO_Read
                                                   FIFO_Write
           ENTRY                   ADDRESS         REF BY
           =====                   =======         ======
           FIFO                    0000005E        FIFO_Init (Init)
    -------------------------------------------------------------------------
XDATA_Z
  Relative segment, address: XDATA 0000000E - 0000000E (0x1 bytes), align: 0
  Segment part 7.             Intra module refs:   FIFO_Read
           ENTRY                   ADDRESS         REF BY
           =====                   =======         ======
           Buffer                  0000000E        DataReceive (Comm)
    -------------------------------------------------------------------------
<NEAR_CODE> 1 (was NEAR_CODE)
  Relative segment, address: CODE 000009B2 - 000009FD (0x4c bytes), align: 0
  Segment part 8.
           ENTRY                   ADDRESS         REF BY
           =====                   =======         ======
           FIFO_Write              000009B2        UART0 (Interrupt)
    -------------------------------------------------------------------------
<NEAR_CODE> 1 (was NEAR_CODE)
  Relative segment, address: CODE 000009FE - 00000A3D (0x40 bytes), align: 0
  Segment part 9.
           ENTRY                   ADDRESS         REF BY
           =====                   =======         ======
           FIFO_Read               000009FE        Comm (Comm)

    *************************************************************************

  FILE NAME : E:\ÈÙÌ©½¡¿µ\°´Ä¦ÒÎ\RT5728\Ö÷¿Ø°å\Debug\Obj\IAP.r51
  PROGRAM MODULE, NAME : IAP

  SEGMENTS IN THE MODULE
  ======================
SFR_AN
  Relative segment, address: DATA 0000009F - 0000009F (0x1 bytes), align: 0
  Segment part 1. ROOT        Intra module refs:   Disable_IAP
                                                   Enable_IAP
                                                   MODIFY_HIRC_16600 (Init)
           ENTRY                   ADDRESS         REF BY
           =====                   =======         ======
           CHPCON                  0000009F 
    -------------------------------------------------------------------------
SFR_AN
  Relative segment, address: DATA 000000A4 - 000000A4 (0x1 bytes), align: 0
  Segment part 2. ROOT        Intra module refs:   MODIFY_HIRC_16600 (Init)
                                                   Trigger_IAP
           ENTRY                   ADDRESS         REF BY
           =====                   =======         ======
           IAPTRG                  000000A4 
    -------------------------------------------------------------------------
SFR_AN
  Relative segment, address: DATA 000000A5 - 000000A5 (0x1 bytes), align: 0
  Segment part 3. ROOT        Intra module refs:   Disable_CONFIG_Update
                                                   Enable_CONFIG_Update
           ENTRY                   ADDRESS         REF BY
           =====                   =======         ======
           IAPUEN                  000000A5 
    -------------------------------------------------------------------------
SFR_AN
  Relative segment, address: DATA 000000A6 - 000000A6 (0x1 bytes), align: 0
  Segment part 4. ROOT        Intra module refs:   MODIFY_HIRC_16600 (Init)
                                                   Program_CONFIG
           ENTRY                   ADDRESS         REF BY
           =====                   =======         ======
           IAPAL                   000000A6 
    -------------------------------------------------------------------------
SFR_AN
  Relative segment, address: DATA 000000A7 - 000000A7 (0x1 bytes), align: 0
  Segment part 5. ROOT        Intra module refs:   MODIFY_HIRC_16600 (Init)
                                                   Program_CONFIG
           ENTRY                   ADDRESS         REF BY
           =====                   =======         ======
           IAPAH                   000000A7 
    -------------------------------------------------------------------------
SFR_AN
  Relative segment, address: DATA 000000A8 - 000000A8 (0x1 bytes), align: 0
  Segment part 6. ROOT        Intra module refs:   Disable_CONFIG_Update
                                                   Disable_IAP
                                                   Enable_CONFIG_Update
                                                   Enable_IAP
                                                   MODIFY_HIRC_16600 (Init)
                                                   Sys_Init (Init)
                                                   Time1_Init (Init)
                                                   Trigger_IAP
                                                   Uart0_Init (Init)
                                                   Wdcon_Init (Init)
                                                   main (main)
           ENTRY                   ADDRESS         REF BY
           =====                   =======         ======
           _A_IE                   000000A8 
           LOCAL                   ADDRESS         
           =====                   =======         
           IE                      000000A8 
           IE_bit                  000000A8 
    -------------------------------------------------------------------------
SFR_AN
  Relative segment, address: DATA 000000AE - 000000AE (0x1 bytes), align: 0
  Segment part 7. ROOT        Intra module refs:   MODIFY_HIRC_16600 (Init)
                                                   Program_CONFIG
           ENTRY                   ADDRESS         REF BY
           =====                   =======         ======
           IAPFD                   000000AE 
    -------------------------------------------------------------------------
SFR_AN
  Relative segment, address: DATA 000000AF - 000000AF (0x1 bytes), align: 0
  Segment part 8. ROOT        Intra module refs:   MODIFY_HIRC_16600 (Init)
                                                   Program_CONFIG
           ENTRY                   ADDRESS         REF BY
           =====                   =======         ======
           IAPCN                   000000AF 
    -------------------------------------------------------------------------
SFR_AN
  Relative segment, address: DATA 000000C7 - 000000C7 (0x1 bytes), align: 0
  Segment part 9. ROOT        Intra module refs:   Disable_CONFIG_Update
                                                   Disable_IAP
                                                   Enable_CONFIG_Update
                                                   Enable_IAP
                                                   MODIFY_HIRC_16600 (Init)
                                                   Sys_Init (Init)
                                                   Trigger_IAP
                                                   Wdcon_Init (Init)
                                                   main (main)
           ENTRY                   ADDRESS         REF BY
           =====                   =======         ======
           TA                      000000C7 
    -------------------------------------------------------------------------
IDATA_Z
  Relative segment, address: IDATA 0000009A - 0000009A (0x1 bytes), align: 0
  Segment part 17.            Intra module refs:   Disable_CONFIG_Update
                                                   Disable_IAP
                                                   Enable_CONFIG_Update
                                                   Enable_IAP
                                                   Trigger_IAP
           ENTRY                   ADDRESS         REF BY
           =====                   =======         ======
           TMP                     0000009A 
    -------------------------------------------------------------------------
<NEAR_CODE> 1 (was NEAR_CODE)
  Relative segment, address: CODE 000008F3 - 0000090F (0x1d bytes), align: 0
  Segment part 18.            Intra module refs:   Program_CONFIG
           ENTRY                   ADDRESS         REF BY
           =====                   =======         ======
           Enable_IAP              000008F3 
               ISTACK = 00000023 ( 00000000 )
    -------------------------------------------------------------------------
<NEAR_CODE> 1 (was NEAR_CODE)
  Relative segment, address: CODE 00000910 - 0000092C (0x1d bytes), align: 0
  Segment part 19.            Intra module refs:   Program_CONFIG
           ENTRY                   ADDRESS         REF BY
           =====                   =======         ======
           Disable_IAP             00000910 
               ISTACK = 00000023 ( 00000000 )
    -------------------------------------------------------------------------
<NEAR_CODE> 1 (was NEAR_CODE)
  Relative segment, address: CODE 0000092D - 00000949 (0x1d bytes), align: 0
  Segment part 22.            Intra module refs:   Program_CONFIG
           ENTRY                   ADDRESS         REF BY
           =====                   =======         ======
           Enable_CONFIG_Update    0000092D 
               ISTACK = 00000002 ( 00000000 )
    -------------------------------------------------------------------------
<NEAR_CODE> 1 (was NEAR_CODE)
  Relative segment, address: CODE 0000094A - 00000966 (0x1d bytes), align: 0
  Segment part 23.            Intra module refs:   Program_CONFIG
           ENTRY                   ADDRESS         REF BY
           =====                   =======         ======
           Disable_CONFIG_Update   0000094A 
               ISTACK = 00000002 ( 00000000 )
    -------------------------------------------------------------------------
<NEAR_CODE> 1 (was NEAR_CODE)
  Relative segment, address: CODE 00000967 - 00000983 (0x1d bytes), align: 0
  Segment part 24.            Intra module refs:   Program_CONFIG
           ENTRY                   ADDRESS         REF BY
           =====                   =======         ======
           Trigger_IAP             00000967 
               ISTACK = 00000023 ( 00000000 )
    -------------------------------------------------------------------------
<NEAR_CODE> 1 (was NEAR_CODE)
  Relative segment, address: CODE 00000984 - 000009B1 (0x2e bytes), align: 0
  Segment part 31.
           ENTRY                   ADDRESS         REF BY
           =====                   =======         ======
           Program_CONFIG          00000984        Wdcon_Init (Init)
               calls direct
               ISTACK = 00000000 ( 00000002 )

    *************************************************************************

  FILE NAME : E:\ÈÙÌ©½¡¿µ\°´Ä¦ÒÎ\RT5728\Ö÷¿Ø°å\Debug\Obj\Init.r51
  PROGRAM MODULE, NAME : Init

  SEGMENTS IN THE MODULE
  ======================
SFR_AN
  Relative segment, address: DATA 00000080 - 00000080 (0x1 bytes), align: 0
  Segment part 1. ROOT        Intra module refs:   Uart0_Init
           ENTRY                   ADDRESS         REF BY
           =====                   =======         ======
           _A_P0                   00000080 
           LOCAL                   ADDRESS         
           =====                   =======         
           P0                      00000080 
           P0_bit                  00000080 
    -------------------------------------------------------------------------
SFR_AN
  Relative segment, address: DATA 00000084 - 00000084 (0x1 bytes), align: 0
  Segment part 2. ROOT        Intra module refs:   MODIFY_HIRC_16600
           ENTRY                   ADDRESS         REF BY
           =====                   =======         ======
           RCTRIM0                 00000084 
    -------------------------------------------------------------------------
SFR_AN
  Relative segment, address: DATA 00000085 - 00000085 (0x1 bytes), align: 0
  Segment part 3. ROOT        Intra module refs:   MODIFY_HIRC_16600
           ENTRY                   ADDRESS         REF BY
           =====                   =======         ======
           RCTRIM1                 00000085 
    -------------------------------------------------------------------------
SFR_AN
  Relative segment, address: DATA 00000095 - 00000095 (0x1 bytes), align: 0
  Segment part 10. ROOT       Intra module refs:   Sys_Init
           ENTRY                   ADDRESS         REF BY
           =====                   =======         ======
           CKDIV                   00000095 
    -------------------------------------------------------------------------
SFR_AN
  Relative segment, address: DATA 000000A2 - 000000A2 (0x1 bytes), align: 0
  Segment part 13. ROOT       Intra module refs:   Sys_Init
           ENTRY                   ADDRESS         REF BY
           =====                   =======         ======
           AUXR1                   000000A2 
    -------------------------------------------------------------------------
SFR_AN
  Relative segment, address: DATA 000000A3 - 000000A3 (0x1 bytes), align: 0
  Segment part 14. ROOT       Intra module refs:   Sys_Init
           ENTRY                   ADDRESS         REF BY
           =====                   =======         ======
           BODCON0                 000000A3 
    -------------------------------------------------------------------------
SFR_AN
  Relative segment, address: DATA 000000AA - 000000AA (0x1 bytes), align: 0
  Segment part 19. ROOT       Intra module refs:   Wdcon_Init
                                                   main (main)
           ENTRY                   ADDRESS         REF BY
           =====                   =======         ======
           WDCON                   000000AA 
    -------------------------------------------------------------------------
SFR_AN
  Relative segment, address: DATA 000000AC - 000000AC (0x1 bytes), align: 0
  Segment part 20. ROOT       Intra module refs:   GPIO_Init
           ENTRY                   ADDRESS         REF BY
           =====                   =======         ======
           P3M1                    000000AC 
    -------------------------------------------------------------------------
SFR_AN
  Relative segment, address: DATA 000000AD - 000000AD (0x1 bytes), align: 0
  Segment part 21. ROOT       Intra module refs:   GPIO_Init
           ENTRY                   ADDRESS         REF BY
           =====                   =======         ======
           P3M2                    000000AD 
    -------------------------------------------------------------------------
<NEAR_CODE> 1 (was NEAR_CODE)
  Relative segment, address: CODE 00000695 - 0000074C (0xb8 bytes), align: 0
  Segment part 37.            Intra module refs:   Sys_Init
           ENTRY                   ADDRESS         REF BY
           =====                   =======         ======
           MODIFY_HIRC_16600       00000695 
    -------------------------------------------------------------------------
<NEAR_CODE> 1 (was NEAR_CODE)
  Relative segment, address: CODE 0000074D - 00000762 (0x16 bytes), align: 0
  Segment part 38.            Intra module refs:   Sys_Init
           ENTRY                   ADDRESS         REF BY
           =====                   =======         ======
           Wdcon_Init              0000074D 
               calls direct
    -------------------------------------------------------------------------
<NEAR_CODE> 1 (was NEAR_CODE)
  Relative segment, address: CODE 00000763 - 0000077B (0x19 bytes), align: 0
  Segment part 39.            Intra module refs:   Sys_Init
           ENTRY                   ADDRESS         REF BY
           =====                   =======         ======
           Time1_Init              00000763 
    -------------------------------------------------------------------------
<NEAR_CODE> 1 (was NEAR_CODE)
  Relative segment, address: CODE 0000077C - 000007A6 (0x2b bytes), align: 0
  Segment part 40.            Intra module refs:   Sys_Init
           ENTRY                   ADDRESS         REF BY
           =====                   =======         ======
           Uart0_Init              0000077C 
    -------------------------------------------------------------------------
<NEAR_CODE> 1 (was NEAR_CODE)
  Relative segment, address: CODE 000007A7 - 000007BC (0x16 bytes), align: 0
  Segment part 42.            Intra module refs:   Sys_Init
           ENTRY                   ADDRESS         REF BY
           =====                   =======         ======
           GPIO_Init               000007A7 
    -------------------------------------------------------------------------
<NEAR_CODE> 1 (was NEAR_CODE)
  Relative segment, address: CODE 000007BD - 000007CC (0x10 bytes), align: 0
  Segment part 43.            Intra module refs:   Sys_Init
           ENTRY                   ADDRESS         REF BY
           =====                   =======         ======
           FIFO_Init               000007BD 
    -------------------------------------------------------------------------
<NEAR_CODE> 1 (was NEAR_CODE)
  Relative segment, address: CODE 000007CD - 000007F9 (0x2d bytes), align: 0
  Segment part 44.
           ENTRY                   ADDRESS         REF BY
           =====                   =======         ======
           Sys_Init                000007CD        main (main)
               calls direct

    *************************************************************************

  FILE NAME : E:\ÈÙÌ©½¡¿µ\°´Ä¦ÒÎ\RT5728\Ö÷¿Ø°å\Debug\Obj\Interrupt.r51
  PROGRAM MODULE, NAME : Interrupt

  SEGMENTS IN THE MODULE
  ======================
<NEAR_CODE> 1 (was NEAR_CODE)
  Relative segment, address: CODE 000007FA - 0000081B (0x22 bytes), align: 0
  Segment part 14.            Intra module refs:   Timer1_ISR::??INTVEC 27
           ENTRY                   ADDRESS         REF BY
           =====                   =======         ======
           Timer1_ISR              000007FA 
               interrupt function
               calls direct
               ISTACK = 00000000 ( 0000000E )
    -------------------------------------------------------------------------
<NEAR_CODE> 1 (was NEAR_CODE)
  Relative segment, address: CODE 0000081C - 000008F2 (0xd7 bytes), align: 0
  Segment part 15.            Intra module refs:   UART0::??INTVEC 35
           ENTRY                   ADDRESS         REF BY
           =====                   =======         ======
           UART0                   0000081C 
               interrupt function
               calls direct
               ISTACK = 00000000 ( 0000000E )
    -------------------------------------------------------------------------
INTVEC
  Common segment, address: CODE 00000000 - 0000001D (0x1e bytes), align: 0
  Segment part 7. ROOT 
           ENTRY                   ADDRESS         REF BY
           =====                   =======         ======
           Timer1_ISR::??INTVEC 27
                                   0000001B 
    -------------------------------------------------------------------------
INTVEC
  Common segment, address: CODE 00000000 - 00000025 (0x26 bytes), align: 0
  Segment part 8. ROOT 
           ENTRY                   ADDRESS         REF BY
           =====                   =======         ======
           UART0::??INTVEC 35      00000023 

    *************************************************************************

  FILE NAME : E:\ÈÙÌ©½¡¿µ\°´Ä¦ÒÎ\RT5728\Ö÷¿Ø°å\Debug\Obj\main.r51
  PROGRAM MODULE, NAME : main

  SEGMENTS IN THE MODULE
  ======================
IDATA_Z
  Relative segment, address: IDATA 0000009B - 0000009B (0x1 bytes), align: 0
  Segment part 10.
           ENTRY                   ADDRESS         REF BY
           =====                   =======         ======
           Flag                    0000009B        CommProcess (Comm)
                                                   CommSend (Comm)
                                                   DataReceive (Comm)
                                                   FIFO_Read (FIFO)
                                                   RXC_Time (Comm)
                                                   Send_Time (Comm)
                                                   UART0 (Interrupt)
    -------------------------------------------------------------------------
<NEAR_CODE> 1 (was NEAR_CODE)
  Relative segment, address: CODE 00000A3E - 00000A66 (0x29 bytes), align: 0
  Segment part 11.
           ENTRY                   ADDRESS         REF BY
           =====                   =======         ======
           main                    00000A3E        ?call_main (?cmain)
               calls direct

    *************************************************************************

  FILE NAME : E:\Program Files\IAR Systems\Embedded Workbench 8.1\8051\LIB\CLIB\cl-pli-nsid-2h16inc.r51
  LIBRARY MODULE, NAME : ?cexit

  SEGMENTS IN THE MODULE
  ======================
CSTART
  Relative segment, address: CODE 00000026 - 0000002A (0x5 bytes), align: 0
  Segment part 0.
           ENTRY                   ADDRESS         REF BY
           =====                   =======         ======
           exit                    00000026        ?call_main (?cmain)
           ?C_EXIT                 00000026 
           ?ROM_MONITOR_NOPS       00000026 

    -------------------------------------------------------------------------
  LIBRARY MODULE, NAME : ?cmain

  SEGMENTS IN THE MODULE
  ======================
CSTART
  Relative segment, address: CODE 0000002B, align: 0
  Segment part 5.
           ENTRY                   ADDRESS         REF BY
           =====                   =======         ======
           ?cmain                  0000002B        Segment part 14 (CSTARTUP)
               calls direct
    -------------------------------------------------------------------------
CSTART
  Relative segment, address: CODE 0000002B - 00000038 (0xe bytes), align: 0
  Segment part 12.
           ENTRY                   ADDRESS         REF BY
           =====                   =======         ======
           __INIT_IDATA_Z          0000002B        BIT_TMP (Delay)
                                                   FIFO (FIFO)
                                                   Flag (main)
                                                   HandController (Comm)
                                                   HandFeedback (Comm)
                                                   Receive (Comm)
                                                   SendDrive (Comm)
                                                   Send_Time::SendTime75ms (Comm)
                                                   TMP (IAP)
    -------------------------------------------------------------------------
CSTART
  Relative segment, address: CODE 00000039 - 00000048 (0x10 bytes), align: 0
  Segment part 16.
           ENTRY                   ADDRESS         REF BY
           =====                   =======         ======
           __INIT_XDATA_Z          00000039        Buffer (FIFO)
                                                   CRCH (Comm)
                                                   CRCL (Comm)
                                                   CommRXCTime (Comm)
                                                   CommTXCTime (Comm)
                                                   DownControlParam1 (Comm)
                                                   DownControlParam2 (Comm)
                                                   HandControlParam1 (Comm)
                                                   HandControlParam2 (Comm)
                                                   RXCount (Comm)
                                                   STate (Comm)
                                                   TXCount (Comm)
                                                   UpControlParam1 (Comm)
                                                   UpControlParam2 (Comm)
    -------------------------------------------------------------------------
CSTART
  Relative segment, address: CODE 00000049 - 0000004E (0x6 bytes), align: 0
  Segment part 38.            Intra module refs:   ?cmain
           ENTRY                   ADDRESS         REF BY
           =====                   =======         ======
           ?call_main              00000049 

    -------------------------------------------------------------------------
  LIBRARY MODULE, NAME : CSTARTUP

  SEGMENTS IN THE MODULE
  ======================
REGISTERS
  Relative segment, address: DATA 00000000, align: 0
  Segment part 0.             Intra module refs:   Segment part 6
           ENTRY                   ADDRESS         REF BY
           =====                   =======         ======
           ?REGISTERS              00000000 
    -------------------------------------------------------------------------
ISTACK
  Relative segment, address: IDATA 000000C0, align: 0
  Segment part 1.             Intra module refs:   Segment part 6
           ENTRY                   ADDRESS         REF BY
           =====                   =======         ======
           ?ISTACK_START           000000C0 
    -------------------------------------------------------------------------
INTVEC
  Common segment, address: CODE 00000000 - 00000002 (0x3 bytes), align: 0
  Segment part 5. ROOT        Intra module refs:   Segment part 6
    -------------------------------------------------------------------------
CSTART
  Relative segment, address: CODE 0000004F - 00000054 (0x6 bytes), align: 0
  Segment part 6. ROOT        Intra module refs:   Segment part 5
           ENTRY                   ADDRESS         REF BY
           =====                   =======         ======
           __program_start         0000004F        Absolute parts (?ABS_ENTRY_MOD)
           ?RESET_SP               00000052 
    -------------------------------------------------------------------------
CSTART
  Relative segment, address: CODE 00000055 - 00000057 (0x3 bytes), align: 0
  Segment part 12.            Intra module refs:   Absolute parts
           ENTRY                   ADDRESS         REF BY
           =====                   =======         ======
           ?RESET_DPS              00000055 
    -------------------------------------------------------------------------
CSTART
  Relative segment, address: CODE 00000058 - 0000005A (0x3 bytes), align: 0
  Segment part 14.            Intra module refs:   Absolute parts

    -------------------------------------------------------------------------
  LIBRARY MODULE, NAME : VIRTUAL_REGISTERS

  SEGMENTS IN THE MODULE
  ======================
BREG
  Relative segment, address: BIT 00000020.0 - 00000020.7 (0x8 bits), align: 0
  Segment part 0.
           ENTRY                   ADDRESS         REF BY
           =====                   =======         ======
           ?B0                     00000020.0      Absolute parts (CSTARTUP)
    -------------------------------------------------------------------------
VREG
  Relative segment, address: DATA 00000008 - 00000008 (0x1 bytes), align: 0
  Segment part 1.             Intra module refs:   ?V1
           ENTRY                   ADDRESS         REF BY
           =====                   =======         ======
           ?V0                     00000008        ?FUNC_ENTER_SP (?FUNC_ENTER_SP)
                                                   ?FUNC_LEAVE_SP (?FUNC_LEAVE_SP)
                                                   ?INTERRUPT_ENTER_SP (?INTERRUPT_ENTER_SP)
                                                   ?INTERRUPT_LEAVE_SP (?INTERRUPT_LEAVE_SP)
                                                   CRC_CCITT (Comm)
                                                   Timer1_ISR (Interrupt)
                                                   UART0 (Interrupt)
                                                   my_memcpy (Comm)
    -------------------------------------------------------------------------
VREG
  Relative segment, address: DATA 00000009 - 00000009 (0x1 bytes), align: 0
  Segment part 2.
           ENTRY                   ADDRESS         REF BY
           =====                   =======         ======
           ?V1                     00000009        CRC_CCITT (Comm)

    -------------------------------------------------------------------------
  LIBRARY MODULE, NAME : ?SC_DIV_MOD

  SEGMENTS IN THE MODULE
  ======================
RCODE
  Relative segment, address: CODE 0000005B - 0000007C (0x22 bytes), align: 0
  Segment part 0.
           ENTRY                   ADDRESS         REF BY
           =====                   =======         ======
           ?SC_DIV_MOD             0000005B        UART0 (Interrupt)

    -------------------------------------------------------------------------
  LIBRARY MODULE, NAME : ?S_DIV_MOD

  SEGMENTS IN THE MODULE
  ======================
RCODE
  Relative segment, address: CODE 0000007D - 000000BD (0x41 bytes), align: 0
  Segment part 0.
           ENTRY                   ADDRESS         REF BY
           =====                   =======         ======
           ?S_DIV_MOD              000000B6        FIFO_Read (FIFO)
                                                   FIFO_Write (FIFO)
    -------------------------------------------------------------------------
RCODE
  Relative segment, address: CODE 000000BE - 00000116 (0x59 bytes), align: 0
  Segment part 1.             Intra module refs:   ?S_DIV_MOD
           ENTRY                   ADDRESS         REF BY
           =====                   =======         ======
           ?US_DIV_MOD             000000BE 

    -------------------------------------------------------------------------
  LIBRARY MODULE, NAME : ?SS_SHR

  SEGMENTS IN THE MODULE
  ======================
RCODE
  Relative segment, address: CODE 00000117 - 00000119 (0x3 bytes), align: 0
  Segment part 1.             Intra module refs:   Segment part 2
           ENTRY                   ADDRESS         REF BY
           =====                   =======         ======
           ?SS_SHR                 00000117        CRC_CCITT (Comm)
    -------------------------------------------------------------------------
RCODE
  Relative segment, address: CODE 0000011A - 00000126 (0xd bytes), align: 0
  Segment part 2.             Intra module refs:   ?SS_SHR

    -------------------------------------------------------------------------
  LIBRARY MODULE, NAME : ?FUNC_ENTER_SP

  SEGMENTS IN THE MODULE
  ======================
RCODE
  Relative segment, address: CODE 00000127 - 0000013F (0x19 bytes), align: 0
  Segment part 0.
           ENTRY                   ADDRESS         REF BY
           =====                   =======         ======
           ?FUNC_ENTER_SP          00000127        CRC_CCITT (Comm)

    -------------------------------------------------------------------------
  LIBRARY MODULE, NAME : ?FUNC_LEAVE_SP

  SEGMENTS IN THE MODULE
  ======================
RCODE
  Relative segment, address: CODE 00000140 - 00000159 (0x1a bytes), align: 0
  Segment part 0.
           ENTRY                   ADDRESS         REF BY
           =====                   =======         ======
           ?FUNC_LEAVE_SP          00000140        CRC_CCITT (Comm)

    -------------------------------------------------------------------------
  LIBRARY MODULE, NAME : ?INTERRUPT_ENTER_SP

  SEGMENTS IN THE MODULE
  ======================
RCODE
  Relative segment, address: CODE 0000015A - 00000196 (0x3d bytes), align: 0
  Segment part 0.
           ENTRY                   ADDRESS         REF BY
           =====                   =======         ======
           ?INTERRUPT_ENTER_SP     0000015A        Timer1_ISR (Interrupt)
                                                   UART0 (Interrupt)

    -------------------------------------------------------------------------
  LIBRARY MODULE, NAME : ?INTERRUPT_LEAVE_SP

  SEGMENTS IN THE MODULE
  ======================
RCODE
  Relative segment, address: CODE 00000197 - 000001CC (0x36 bytes), align: 0
  Segment part 0.
           ENTRY                   ADDRESS         REF BY
           =====                   =======         ======
           ?INTERRUPT_LEAVE_SP     00000197        Timer1_ISR (Interrupt)
                                                   UART0 (Interrupt)




                ****************************************
                *                                      *
                *      SEGMENTS IN ADDRESS ORDER       *
                *                                      *
                ****************************************


SEGMENT              SPACE    START ADDRESS   END ADDRESS     SIZE  TYPE  ALIGN
=======              =====    =============   ===========     ====  ====  =====
INTVEC               CODE          00000000 - 00000025          26   com    0
CSTART               CODE          00000026 - 0000005A          35   rel    0
RCODE                CODE          0000005B - 000001CC         172   rel    0
<NEAR_CODE> 1        CODE          000001CD - 00000A72         8A6   rel    0
REGISTERS            DATA          00000000 - 00000007           8   rel    0
VREG                 DATA          00000008 - 00000009           2   rel    0
BREG                 BIT        00000020.0  -  00000020.7        8   rel    0
SFR_AN               DATA          00000080 - 00000080           1   rel    0
                     DATA          00000084 - 00000085           2 
                     DATA          00000087 - 0000008E           8 
                     DATA          00000095 - 00000095           1 
                     DATA          00000098 - 0000009A           3 
                     DATA          0000009F - 0000009F           1 
                     DATA          000000A2 - 000000A8           7 
                     DATA          000000AA - 000000AA           1 
                     DATA          000000AC - 000000B4           9 
                     DATA          000000C4 - 000000C9           6 
                     DATA          000000CC - 000000CD           2 
                     DATA          000000F8 - 000000F8           1 
XDATA_I              XDATA              00000001                     dse    0
XDATA_Z              XDATA         00000001 - 0000000E           E   rel    0
IDATA_I              IDATA              0000000A                     dse    0
IDATA_Z              IDATA         00000021 - 0000009B          7B   rel    0
ISTACK               IDATA         000000C0 - 000000FF          40   rel    0

                ****************************************
                *                                      *
                *        END OF CROSS REFERENCE        *
                *                                      *
                ****************************************

 2 675 bytes of CODE  memory
    10 bytes of DATA  memory (+ 42 absolute )
    14 bytes of XDATA memory
   187 bytes of IDATA memory
     8 bits  of BIT   memory

Errors: none
Warnings: none

